Lmod has detected the following error: These module(s) or extension(s) exist
but cannot be loaded as requested: "GCC"
   Try: "module spider GCC" to see how to load the module(s).



Lmod has detected the following error: These module(s) or extension(s) exist
but cannot be loaded as requested: "Miniconda3"
   Try: "module spider Miniconda3" to see how to load the module(s).



Found forcing zarr files in /staging/leuven/stg_00024/MSC_TMP/Snowshop/MuSAruns_Elisabeth/v2/y035x200/FORCINGS. Checking for the specified date range: 2017-01-01 00:00 to 2017-03-31 23:00
[regrid_obs_to_dem] NaN cells on regridded grid's outermost row/column: {'SD_Ensemble_Mean': 247, 'SD_Ensemble_Std': 247, 'SD_Q25': 247, 'SD_Q50': 247, 'SD_Q75': 247}
[PrepareObsTile] sd_20170103.nc: valid cells before/after regrid: {'SD_Ensemble_Mean': 791455, 'SD_Ensemble_Std': 791455, 'SD_Q25': 791455, 'SD_Q50': 791455, 'SD_Q75': 791455} -> {'SD_Ensemble_Mean': 31622, 'SD_Ensemble_Std': 31622, 'SD_Q25': 31622, 'SD_Q50': 31622, 'SD_Q75': 31622}
[regrid_obs_to_dem] NaN cells on regridded grid's outermost row/column: {'SD_Ensemble_Mean': 109, 'SD_Ensemble_Std': 109, 'SD_Q25': 109, 'SD_Q50': 109, 'SD_Q75': 109}
[PrepareObsTile] sd_20170106.nc: valid cells before/after regrid: {'SD_Ensemble_Mean': 890015, 'SD_Ensemble_Std': 890015, 'SD_Q25': 890015, 'SD_Q50': 890015, 'SD_Q75': 890015} -> {'SD_Ensemble_Mean': 35564, 'SD_Ensemble_Std': 35564, 'SD_Q25': 35564, 'SD_Q50': 35564, 'SD_Q75': 35564}
[regrid_obs_to_dem] NaN cells on regridded grid's outermost row/column: {'SD_Ensemble_Mean': 29, 'SD_Ensemble_Std': 29, 'SD_Q25': 29, 'SD_Q50': 29, 'SD_Q75': 29}
[PrepareObsTile] sd_20170110.nc: valid cells before/after regrid: {'SD_Ensemble_Mean': 905630, 'SD_Ensemble_Std': 905630, 'SD_Q25': 905630, 'SD_Q50': 905630, 'SD_Q75': 905630} -> {'SD_Ensemble_Mean': 36189, 'SD_Ensemble_Std': 36189, 'SD_Q25': 36189, 'SD_Q50': 36189, 'SD_Q75': 36189}
[regrid_obs_to_dem] NaN cells on regridded grid's outermost row/column: {'SD_Ensemble_Mean': 31, 'SD_Ensemble_Std': 31, 'SD_Q25': 31, 'SD_Q50': 31, 'SD_Q75': 31}
[PrepareObsTile] sd_20170111.nc: valid cells before/after regrid: {'SD_Ensemble_Mean': 905605, 'SD_Ensemble_Std': 905605, 'SD_Q25': 905605, 'SD_Q50': 905605, 'SD_Q75': 905605} -> {'SD_Ensemble_Mean': 36188, 'SD_Ensemble_Std': 36188, 'SD_Q25': 36188, 'SD_Q50': 36188, 'SD_Q75': 36188}
[regrid_obs_to_dem] NaN cells on regridded grid's outermost row/column: {'SD_Ensemble_Mean': 247, 'SD_Ensemble_Std': 247, 'SD_Q25': 247, 'SD_Q50': 247, 'SD_Q75': 247}
[PrepareObsTile] sd_20170115.nc: valid cells before/after regrid: {'SD_Ensemble_Mean': 790955, 'SD_Ensemble_Std': 790955, 'SD_Q25': 790955, 'SD_Q50': 790955, 'SD_Q75': 790955} -> {'SD_Ensemble_Mean': 31602, 'SD_Ensemble_Std': 31602, 'SD_Q25': 31602, 'SD_Q50': 31602, 'SD_Q75': 31602}
[regrid_obs_to_dem] NaN cells on regridded grid's outermost row/column: {'SD_Ensemble_Mean': 109, 'SD_Ensemble_Std': 109, 'SD_Q25': 109, 'SD_Q50': 109, 'SD_Q75': 109}
[PrepareObsTile] sd_20170118.nc: valid cells before/after regrid: {'SD_Ensemble_Mean': 889990, 'SD_Ensemble_Std': 889990, 'SD_Q25': 889990, 'SD_Q50': 889990, 'SD_Q75': 889990} -> {'SD_Ensemble_Mean': 35563, 'SD_Ensemble_Std': 35563, 'SD_Q25': 35563, 'SD_Q50': 35563, 'SD_Q75': 35563}
[regrid_obs_to_dem] NaN cells on regridded grid's outermost row/column: {'SD_Ensemble_Mean': 31, 'SD_Ensemble_Std': 31, 'SD_Q25': 31, 'SD_Q50': 31, 'SD_Q75': 31}
[PrepareObsTile] sd_20170123.nc: valid cells before/after regrid: {'SD_Ensemble_Mean': 905605, 'SD_Ensemble_Std': 905605, 'SD_Q25': 905605, 'SD_Q50': 905605, 'SD_Q75': 905605} -> {'SD_Ensemble_Mean': 36188, 'SD_Ensemble_Std': 36188, 'SD_Q25': 36188, 'SD_Q50': 36188, 'SD_Q75': 36188}
[regrid_obs_to_dem] NaN cells on regridded grid's outermost row/column: {'SD_Ensemble_Mean': 247, 'SD_Ensemble_Std': 247, 'SD_Q25': 247, 'SD_Q50': 247, 'SD_Q75': 247}
[PrepareObsTile] sd_20170127.nc: valid cells before/after regrid: {'SD_Ensemble_Mean': 790480, 'SD_Ensemble_Std': 790480, 'SD_Q25': 790480, 'SD_Q50': 790480, 'SD_Q75': 790480} -> {'SD_Ensemble_Mean': 31583, 'SD_Ensemble_Std': 31583, 'SD_Q25': 31583, 'SD_Q50': 31583, 'SD_Q75': 31583}
[regrid_obs_to_dem] NaN cells on regridded grid's outermost row/column: {'SD_Ensemble_Mean': 110, 'SD_Ensemble_Std': 110, 'SD_Q25': 110, 'SD_Q50': 110, 'SD_Q75': 110}
[PrepareObsTile] sd_20170130.nc: valid cells before/after regrid: {'SD_Ensemble_Mean': 889965, 'SD_Ensemble_Std': 889965, 'SD_Q25': 889965, 'SD_Q50': 889965, 'SD_Q75': 889965} -> {'SD_Ensemble_Mean': 35562, 'SD_Ensemble_Std': 35562, 'SD_Q25': 35562, 'SD_Q50': 35562, 'SD_Q75': 35562}
[regrid_obs_to_dem] NaN cells on regridded grid's outermost row/column: {'SD_Ensemble_Mean': 29, 'SD_Ensemble_Std': 29, 'SD_Q25': 29, 'SD_Q50': 29, 'SD_Q75': 29}
[PrepareObsTile] sd_20170203.nc: valid cells before/after regrid: {'SD_Ensemble_Mean': 905630, 'SD_Ensemble_Std': 905630, 'SD_Q25': 905630, 'SD_Q50': 905630, 'SD_Q75': 905630} -> {'SD_Ensemble_Mean': 36189, 'SD_Ensemble_Std': 36189, 'SD_Q25': 36189, 'SD_Q50': 36189, 'SD_Q75': 36189}
[regrid_obs_to_dem] NaN cells on regridded grid's outermost row/column: {'SD_Ensemble_Mean': 31, 'SD_Ensemble_Std': 31, 'SD_Q25': 31, 'SD_Q50': 31, 'SD_Q75': 31}
[PrepareObsTile] sd_20170204.nc: valid cells before/after regrid: {'SD_Ensemble_Mean': 905605, 'SD_Ensemble_Std': 905605, 'SD_Q25': 905605, 'SD_Q50': 905605, 'SD_Q75': 905605} -> {'SD_Ensemble_Mean': 36188, 'SD_Ensemble_Std': 36188, 'SD_Q25': 36188, 'SD_Q50': 36188, 'SD_Q75': 36188}
[regrid_obs_to_dem] NaN cells on regridded grid's outermost row/column: {'SD_Ensemble_Mean': 247, 'SD_Ensemble_Std': 247, 'SD_Q25': 247, 'SD_Q50': 247, 'SD_Q75': 247}
[PrepareObsTile] sd_20170208.nc: valid cells before/after regrid: {'SD_Ensemble_Mean': 790530, 'SD_Ensemble_Std': 790530, 'SD_Q25': 790530, 'SD_Q50': 790530, 'SD_Q75': 790530} -> {'SD_Ensemble_Mean': 31585, 'SD_Ensemble_Std': 31585, 'SD_Q25': 31585, 'SD_Q50': 31585, 'SD_Q75': 31585}
[regrid_obs_to_dem] NaN cells on regridded grid's outermost row/column: {'SD_Ensemble_Mean': 111, 'SD_Ensemble_Std': 111, 'SD_Q25': 111, 'SD_Q50': 111, 'SD_Q75': 111}
[PrepareObsTile] sd_20170211.nc: valid cells before/after regrid: {'SD_Ensemble_Mean': 889740, 'SD_Ensemble_Std': 889740, 'SD_Q25': 889740, 'SD_Q50': 889740, 'SD_Q75': 889740} -> {'SD_Ensemble_Mean': 35553, 'SD_Ensemble_Std': 35553, 'SD_Q25': 35553, 'SD_Q50': 35553, 'SD_Q75': 35553}
[regrid_obs_to_dem] NaN cells on regridded grid's outermost row/column: {'SD_Ensemble_Mean': 29, 'SD_Ensemble_Std': 29, 'SD_Q25': 29, 'SD_Q50': 29, 'SD_Q75': 29}
[PrepareObsTile] sd_20170215.nc: valid cells before/after regrid: {'SD_Ensemble_Mean': 905630, 'SD_Ensemble_Std': 905630, 'SD_Q25': 905630, 'SD_Q50': 905630, 'SD_Q75': 905630} -> {'SD_Ensemble_Mean': 36189, 'SD_Ensemble_Std': 36189, 'SD_Q25': 36189, 'SD_Q50': 36189, 'SD_Q75': 36189}
[regrid_obs_to_dem] NaN cells on regridded grid's outermost row/column: {'SD_Ensemble_Mean': 31, 'SD_Ensemble_Std': 31, 'SD_Q25': 31, 'SD_Q50': 31, 'SD_Q75': 31}
[PrepareObsTile] sd_20170216.nc: valid cells before/after regrid: {'SD_Ensemble_Mean': 905605, 'SD_Ensemble_Std': 905605, 'SD_Q25': 905605, 'SD_Q50': 905605, 'SD_Q75': 905605} -> {'SD_Ensemble_Mean': 36188, 'SD_Ensemble_Std': 36188, 'SD_Q25': 36188, 'SD_Q50': 36188, 'SD_Q75': 36188}
[regrid_obs_to_dem] NaN cells on regridded grid's outermost row/column: {'SD_Ensemble_Mean': 247, 'SD_Ensemble_Std': 247, 'SD_Q25': 247, 'SD_Q50': 247, 'SD_Q75': 247}
[PrepareObsTile] sd_20170220.nc: valid cells before/after regrid: {'SD_Ensemble_Mean': 791555, 'SD_Ensemble_Std': 791555, 'SD_Q25': 791555, 'SD_Q50': 791555, 'SD_Q75': 791555} -> {'SD_Ensemble_Mean': 31626, 'SD_Ensemble_Std': 31626, 'SD_Q25': 31626, 'SD_Q50': 31626, 'SD_Q75': 31626}
[regrid_obs_to_dem] NaN cells on regridded grid's outermost row/column: {'SD_Ensemble_Mean': 111, 'SD_Ensemble_Std': 111, 'SD_Q25': 111, 'SD_Q50': 111, 'SD_Q75': 111}
[PrepareObsTile] sd_20170223.nc: valid cells before/after regrid: {'SD_Ensemble_Mean': 889765, 'SD_Ensemble_Std': 889765, 'SD_Q25': 889765, 'SD_Q50': 889765, 'SD_Q75': 889765} -> {'SD_Ensemble_Mean': 35554, 'SD_Ensemble_Std': 35554, 'SD_Q25': 35554, 'SD_Q50': 35554, 'SD_Q75': 35554}
[regrid_obs_to_dem] NaN cells on regridded grid's outermost row/column: {'SD_Ensemble_Mean': 29, 'SD_Ensemble_Std': 29, 'SD_Q25': 29, 'SD_Q50': 29, 'SD_Q75': 29}
[PrepareObsTile] sd_20170227.nc: valid cells before/after regrid: {'SD_Ensemble_Mean': 905630, 'SD_Ensemble_Std': 905630, 'SD_Q25': 905630, 'SD_Q50': 905630, 'SD_Q75': 905630} -> {'SD_Ensemble_Mean': 36189, 'SD_Ensemble_Std': 36189, 'SD_Q25': 36189, 'SD_Q50': 36189, 'SD_Q75': 36189}
[regrid_obs_to_dem] NaN cells on regridded grid's outermost row/column: {'SD_Ensemble_Mean': 31, 'SD_Ensemble_Std': 31, 'SD_Q25': 31, 'SD_Q50': 31, 'SD_Q75': 31}
[PrepareObsTile] sd_20170228.nc: valid cells before/after regrid: {'SD_Ensemble_Mean': 905605, 'SD_Ensemble_Std': 905605, 'SD_Q25': 905605, 'SD_Q50': 905605, 'SD_Q75': 905605} -> {'SD_Ensemble_Mean': 36188, 'SD_Ensemble_Std': 36188, 'SD_Q25': 36188, 'SD_Q50': 36188, 'SD_Q75': 36188}
[regrid_obs_to_dem] NaN cells on regridded grid's outermost row/column: {'SD_Ensemble_Mean': 247, 'SD_Ensemble_Std': 247, 'SD_Q25': 247, 'SD_Q50': 247, 'SD_Q75': 247}
[PrepareObsTile] sd_20170304.nc: valid cells before/after regrid: {'SD_Ensemble_Mean': 791880, 'SD_Ensemble_Std': 791880, 'SD_Q25': 791880, 'SD_Q50': 791880, 'SD_Q75': 791880} -> {'SD_Ensemble_Mean': 31639, 'SD_Ensemble_Std': 31639, 'SD_Q25': 31639, 'SD_Q50': 31639, 'SD_Q75': 31639}
[regrid_obs_to_dem] NaN cells on regridded grid's outermost row/column: {'SD_Ensemble_Mean': 31, 'SD_Ensemble_Std': 31, 'SD_Q25': 31, 'SD_Q50': 31, 'SD_Q75': 31}
[PrepareObsTile] sd_20170306.nc: valid cells before/after regrid: {'SD_Ensemble_Mean': 905605, 'SD_Ensemble_Std': 905605, 'SD_Q25': 905605, 'SD_Q50': 905605, 'SD_Q75': 905605} -> {'SD_Ensemble_Mean': 36188, 'SD_Ensemble_Std': 36188, 'SD_Q25': 36188, 'SD_Q50': 36188, 'SD_Q75': 36188}
[regrid_obs_to_dem] NaN cells on regridded grid's outermost row/column: {'SD_Ensemble_Mean': 111, 'SD_Ensemble_Std': 111, 'SD_Q25': 111, 'SD_Q50': 111, 'SD_Q75': 111}
[PrepareObsTile] sd_20170307.nc: valid cells before/after regrid: {'SD_Ensemble_Mean': 889790, 'SD_Ensemble_Std': 889790, 'SD_Q25': 889790, 'SD_Q50': 889790, 'SD_Q75': 889790} -> {'SD_Ensemble_Mean': 35555, 'SD_Ensemble_Std': 35555, 'SD_Q25': 35555, 'SD_Q50': 35555, 'SD_Q75': 35555}
[regrid_obs_to_dem] NaN cells on regridded grid's outermost row/column: {'SD_Ensemble_Mean': 248, 'SD_Ensemble_Std': 248, 'SD_Q25': 248, 'SD_Q50': 248, 'SD_Q75': 248}
[PrepareObsTile] sd_20170310.nc: valid cells before/after regrid: {'SD_Ensemble_Mean': 789105, 'SD_Ensemble_Std': 789105, 'SD_Q25': 789105, 'SD_Q50': 789105, 'SD_Q75': 789105} -> {'SD_Ensemble_Mean': 31528, 'SD_Ensemble_Std': 31528, 'SD_Q25': 31528, 'SD_Q50': 31528, 'SD_Q75': 31528}
[regrid_obs_to_dem] NaN cells on regridded grid's outermost row/column: {'SD_Ensemble_Mean': 29, 'SD_Ensemble_Std': 29, 'SD_Q25': 29, 'SD_Q50': 29, 'SD_Q75': 29}
[PrepareObsTile] sd_20170311.nc: valid cells before/after regrid: {'SD_Ensemble_Mean': 905630, 'SD_Ensemble_Std': 905630, 'SD_Q25': 905630, 'SD_Q50': 905630, 'SD_Q75': 905630} -> {'SD_Ensemble_Mean': 36189, 'SD_Ensemble_Std': 36189, 'SD_Q25': 36189, 'SD_Q50': 36189, 'SD_Q75': 36189}
[regrid_obs_to_dem] NaN cells on regridded grid's outermost row/column: {'SD_Ensemble_Mean': 31, 'SD_Ensemble_Std': 31, 'SD_Q25': 31, 'SD_Q50': 31, 'SD_Q75': 31}
[PrepareObsTile] sd_20170312.nc: valid cells before/after regrid: {'SD_Ensemble_Mean': 905605, 'SD_Ensemble_Std': 905605, 'SD_Q25': 905605, 'SD_Q50': 905605, 'SD_Q75': 905605} -> {'SD_Ensemble_Mean': 36188, 'SD_Ensemble_Std': 36188, 'SD_Q25': 36188, 'SD_Q50': 36188, 'SD_Q75': 36188}
[regrid_obs_to_dem] NaN cells on regridded grid's outermost row/column: {'SD_Ensemble_Mean': 112, 'SD_Ensemble_Std': 112, 'SD_Q25': 112, 'SD_Q50': 112, 'SD_Q75': 112}
[PrepareObsTile] sd_20170313.nc: valid cells before/after regrid: {'SD_Ensemble_Mean': 889740, 'SD_Ensemble_Std': 889740, 'SD_Q25': 889740, 'SD_Q50': 889740, 'SD_Q75': 889740} -> {'SD_Ensemble_Mean': 35553, 'SD_Ensemble_Std': 35553, 'SD_Q25': 35553, 'SD_Q50': 35553, 'SD_Q75': 35553}
[regrid_obs_to_dem] NaN cells on regridded grid's outermost row/column: {'SD_Ensemble_Mean': 247, 'SD_Ensemble_Std': 247, 'SD_Q25': 247, 'SD_Q50': 247, 'SD_Q75': 247}
[PrepareObsTile] sd_20170316.nc: valid cells before/after regrid: {'SD_Ensemble_Mean': 790230, 'SD_Ensemble_Std': 790230, 'SD_Q25': 790230, 'SD_Q50': 790230, 'SD_Q75': 790230} -> {'SD_Ensemble_Mean': 31573, 'SD_Ensemble_Std': 31573, 'SD_Q25': 31573, 'SD_Q50': 31573, 'SD_Q75': 31573}
[regrid_obs_to_dem] NaN cells on regridded grid's outermost row/column: {'SD_Ensemble_Mean': 29, 'SD_Ensemble_Std': 29, 'SD_Q25': 29, 'SD_Q50': 29, 'SD_Q75': 29}
[PrepareObsTile] sd_20170317.nc: valid cells before/after regrid: {'SD_Ensemble_Mean': 905630, 'SD_Ensemble_Std': 905630, 'SD_Q25': 905630, 'SD_Q50': 905630, 'SD_Q75': 905630} -> {'SD_Ensemble_Mean': 36189, 'SD_Ensemble_Std': 36189, 'SD_Q25': 36189, 'SD_Q50': 36189, 'SD_Q75': 36189}
[regrid_obs_to_dem] NaN cells on regridded grid's outermost row/column: {'SD_Ensemble_Mean': 31, 'SD_Ensemble_Std': 31, 'SD_Q25': 31, 'SD_Q50': 31, 'SD_Q75': 31}
[PrepareObsTile] sd_20170318.nc: valid cells before/after regrid: {'SD_Ensemble_Mean': 905605, 'SD_Ensemble_Std': 905605, 'SD_Q25': 905605, 'SD_Q50': 905605, 'SD_Q75': 905605} -> {'SD_Ensemble_Mean': 36188, 'SD_Ensemble_Std': 36188, 'SD_Q25': 36188, 'SD_Q50': 36188, 'SD_Q75': 36188}
[regrid_obs_to_dem] NaN cells on regridded grid's outermost row/column: {'SD_Ensemble_Mean': 110, 'SD_Ensemble_Std': 110, 'SD_Q25': 110, 'SD_Q50': 110, 'SD_Q75': 110}
[PrepareObsTile] sd_20170319.nc: valid cells before/after regrid: {'SD_Ensemble_Mean': 889940, 'SD_Ensemble_Std': 889940, 'SD_Q25': 889940, 'SD_Q50': 889940, 'SD_Q75': 889940} -> {'SD_Ensemble_Mean': 35561, 'SD_Ensemble_Std': 35561, 'SD_Q25': 35561, 'SD_Q50': 35561, 'SD_Q75': 35561}
[regrid_obs_to_dem] NaN cells on regridded grid's outermost row/column: {'SD_Ensemble_Mean': 29, 'SD_Ensemble_Std': 29, 'SD_Q25': 29, 'SD_Q50': 29, 'SD_Q75': 29}
[PrepareObsTile] sd_20170323.nc: valid cells before/after regrid: {'SD_Ensemble_Mean': 905630, 'SD_Ensemble_Std': 905630, 'SD_Q25': 905630, 'SD_Q50': 905630, 'SD_Q75': 905630} -> {'SD_Ensemble_Mean': 36189, 'SD_Ensemble_Std': 36189, 'SD_Q25': 36189, 'SD_Q50': 36189, 'SD_Q75': 36189}
[regrid_obs_to_dem] NaN cells on regridded grid's outermost row/column: {'SD_Ensemble_Mean': 31, 'SD_Ensemble_Std': 31, 'SD_Q25': 31, 'SD_Q50': 31, 'SD_Q75': 31}
[PrepareObsTile] sd_20170324.nc: valid cells before/after regrid: {'SD_Ensemble_Mean': 905605, 'SD_Ensemble_Std': 905605, 'SD_Q25': 905605, 'SD_Q50': 905605, 'SD_Q75': 905605} -> {'SD_Ensemble_Mean': 36188, 'SD_Ensemble_Std': 36188, 'SD_Q25': 36188, 'SD_Q50': 36188, 'SD_Q75': 36188}
[regrid_obs_to_dem] NaN cells on regridded grid's outermost row/column: {'SD_Ensemble_Mean': 112, 'SD_Ensemble_Std': 112, 'SD_Q25': 112, 'SD_Q50': 112, 'SD_Q75': 112}
[PrepareObsTile] sd_20170325.nc: valid cells before/after regrid: {'SD_Ensemble_Mean': 889640, 'SD_Ensemble_Std': 889640, 'SD_Q25': 889640, 'SD_Q50': 889640, 'SD_Q75': 889640} -> {'SD_Ensemble_Mean': 35549, 'SD_Ensemble_Std': 35549, 'SD_Q25': 35549, 'SD_Q50': 35549, 'SD_Q75': 35549}
[regrid_obs_to_dem] NaN cells on regridded grid's outermost row/column: {'SD_Ensemble_Mean': 247, 'SD_Ensemble_Std': 247, 'SD_Q25': 247, 'SD_Q50': 247, 'SD_Q75': 247}
[PrepareObsTile] sd_20170328.nc: valid cells before/after regrid: {'SD_Ensemble_Mean': 789455, 'SD_Ensemble_Std': 789455, 'SD_Q25': 789455, 'SD_Q50': 789455, 'SD_Q75': 789455} -> {'SD_Ensemble_Mean': 31542, 'SD_Ensemble_Std': 31542, 'SD_Q25': 31542, 'SD_Q50': 31542, 'SD_Q75': 31542}
[regrid_obs_to_dem] NaN cells on regridded grid's outermost row/column: {'SD_Ensemble_Mean': 30, 'SD_Ensemble_Std': 30, 'SD_Q25': 30, 'SD_Q50': 30, 'SD_Q75': 30}
[PrepareObsTile] sd_20170329.nc: valid cells before/after regrid: {'SD_Ensemble_Mean': 905605, 'SD_Ensemble_Std': 905605, 'SD_Q25': 905605, 'SD_Q50': 905605, 'SD_Q75': 905605} -> {'SD_Ensemble_Mean': 36188, 'SD_Ensemble_Std': 36188, 'SD_Q25': 36188, 'SD_Q50': 36188, 'SD_Q75': 36188}
[regrid_obs_to_dem] NaN cells on regridded grid's outermost row/column: {'SD_Ensemble_Mean': 34, 'SD_Ensemble_Std': 34, 'SD_Q25': 34, 'SD_Q50': 34, 'SD_Q75': 34}
[PrepareObsTile] sd_20170330.nc: valid cells before/after regrid: {'SD_Ensemble_Mean': 905555, 'SD_Ensemble_Std': 905555, 'SD_Q25': 905555, 'SD_Q50': 905555, 'SD_Q75': 905555} -> {'SD_Ensemble_Mean': 36186, 'SD_Ensemble_Std': 36186, 'SD_Q25': 36186, 'SD_Q50': 36186, 'SD_Q75': 36186}
[regrid_obs_to_dem] NaN cells on regridded grid's outermost row/column: {'SD_Ensemble_Mean': 111, 'SD_Ensemble_Std': 111, 'SD_Q25': 111, 'SD_Q50': 111, 'SD_Q75': 111}
[PrepareObsTile] sd_20170331.nc: valid cells before/after regrid: {'SD_Ensemble_Mean': 889790, 'SD_Ensemble_Std': 889790, 'SD_Q25': 889790, 'SD_Q50': 889790, 'SD_Q75': 889790} -> {'SD_Ensemble_Mean': 35555, 'SD_Ensemble_Std': 35555, 'SD_Q25': 35555, 'SD_Q50': 35555, 'SD_Q75': 35555}
[PrepareObsTile] window 2017-01-01-2017-01-07 (2 retrieval(s), correlated): floor active on 3.0% of valid cells
Saved the file to: /staging/leuven/stg_00024/MSC_TMP/Snowshop/MuSAruns_Elisabeth/v2/y035x200/Obs/sd_20170104.nc
[PrepareObsTile] window 2017-01-08-2017-01-14 (2 retrieval(s), correlated): floor active on 0.1% of valid cells
Saved the file to: /staging/leuven/stg_00024/MSC_TMP/Snowshop/MuSAruns_Elisabeth/v2/y035x200/Obs/sd_20170111.nc
[PrepareObsTile] window 2017-01-15-2017-01-21 (2 retrieval(s), correlated): floor active on 0.1% of valid cells
Saved the file to: /staging/leuven/stg_00024/MSC_TMP/Snowshop/MuSAruns_Elisabeth/v2/y035x200/Obs/sd_20170118.nc
[PrepareObsTile] window 2017-01-22-2017-01-28 (2 retrieval(s), correlated): floor active on 0.0% of valid cells
Saved the file to: /staging/leuven/stg_00024/MSC_TMP/Snowshop/MuSAruns_Elisabeth/v2/y035x200/Obs/sd_20170125.nc
[PrepareObsTile] window 2017-01-29-2017-02-04 (3 retrieval(s), correlated): floor active on 0.0% of valid cells
Saved the file to: /staging/leuven/stg_00024/MSC_TMP/Snowshop/MuSAruns_Elisabeth/v2/y035x200/Obs/sd_20170201.nc
[PrepareObsTile] window 2017-02-05-2017-02-11 (2 retrieval(s), correlated): floor active on 5.6% of valid cells
Saved the file to: /staging/leuven/stg_00024/MSC_TMP/Snowshop/MuSAruns_Elisabeth/v2/y035x200/Obs/sd_20170208.nc
[PrepareObsTile] window 2017-02-12-2017-02-18 (2 retrieval(s), correlated): floor active on 9.8% of valid cells
Saved the file to: /staging/leuven/stg_00024/MSC_TMP/Snowshop/MuSAruns_Elisabeth/v2/y035x200/Obs/sd_20170215.nc
[PrepareObsTile] window 2017-02-19-2017-02-25 (2 retrieval(s), correlated): floor active on 10.1% of valid cells
Saved the file to: /staging/leuven/stg_00024/MSC_TMP/Snowshop/MuSAruns_Elisabeth/v2/y035x200/Obs/sd_20170222.nc
[PrepareObsTile] window 2017-02-26-2017-03-04 (3 retrieval(s), correlated): floor active on 15.0% of valid cells
Saved the file to: /staging/leuven/stg_00024/MSC_TMP/Snowshop/MuSAruns_Elisabeth/v2/y035x200/Obs/sd_20170301.nc
[PrepareObsTile] window 2017-03-05-2017-03-11 (4 retrieval(s), correlated): floor active on 17.6% of valid cells
Saved the file to: /staging/leuven/stg_00024/MSC_TMP/Snowshop/MuSAruns_Elisabeth/v2/y035x200/Obs/sd_20170308.nc
[PrepareObsTile] window 2017-03-12-2017-03-18 (5 retrieval(s), correlated): floor active on 24.7% of valid cells
Saved the file to: /staging/leuven/stg_00024/MSC_TMP/Snowshop/MuSAruns_Elisabeth/v2/y035x200/Obs/sd_20170315.nc
[PrepareObsTile] window 2017-03-19-2017-03-25 (4 retrieval(s), correlated): floor active on 28.9% of valid cells
Saved the file to: /staging/leuven/stg_00024/MSC_TMP/Snowshop/MuSAruns_Elisabeth/v2/y035x200/Obs/sd_20170322.nc
[PrepareObsTile] window 2017-03-26-2017-04-01 (4 retrieval(s), correlated): floor active on 34.6% of valid cells
Saved the file to: /staging/leuven/stg_00024/MSC_TMP/Snowshop/MuSAruns_Elisabeth/v2/y035x200/Obs/sd_20170329.nc
Observation files prepared: 13 dates.
Found forcing zarr files in /staging/leuven/stg_00024/MSC_TMP/Snowshop/MuSAruns_Elisabeth/v2/y035x200/FORCINGS. Checking for the specified date range: 2017-01-01 00:00 to 2017-03-31 23:00
Saved the file to: /staging/leuven/stg_00024/MSC_TMP/Snowshop/MuSAruns_Elisabeth/v2/y035x200/mask_msites_tile.nc
Preprocessing complete!
Traceback (most recent call last):
  File "/vsc-hard-mounts/leuven-data/378/vsc37876/MuSAsummerjob/runMuSAtile.py", line 401, in <module>
    transform_results()
  File "/vsc-hard-mounts/leuven-data/378/vsc37876/MuSAsummerjob/runMuSAtile.py", line 388, in transform_results
    transformMuSA.saveFinalOutputSitesOnly(args, dsMeas=args.store_measurements, removeCells=args.remove_output_cells)
  File "/vsc-hard-mounts/leuven-data/378/vsc37876/MuSAsummerjob/modules/transformMuSAoutputs_tools.py", line 299, in saveFinalOutputSitesOnly
    ds_site = _process_cells_onlysites(args, dsMeas=xr.open_dataset(dsMeas), vars_to_save=vars_to_save)
              ^^^^^^^^^^^^^^^^^^^^^^^^^^^^^^^^^^^^^^^^^^^^^^^^^^^^^^^^^^^^^^^^^^^^^^^^^^^^^^^^^^^^^^^^^
  File "/vsc-hard-mounts/leuven-data/378/vsc37876/MuSAsummerjob/modules/transformMuSAoutputs_tools.py", line 255, in _process_cells_onlysites
    raise ValueError(
ValueError: File /staging/leuven/stg_00024/MSC_TMP/Snowshop/MuSAruns_Elisabeth/v2/y035x200/RESULTS_EnKF_20170101_20170331/cell_8_43.pkl.blp has 6 rows, but the forcing index has 720 entries.
