SLURM_JOB_ID: 61783031
SLURM_JOB_USER: vsc37876
SLURM_JOB_ACCOUNT: lp_ees_swm_ls_001
SLURM_JOB_NAME: DA_v5_PBS_year
SLURM_CLUSTER_NAME: wice
SLURM_JOB_PARTITION: batch
SLURM_NNODES: 1
SLURM_NODELIST: l33c22n4
SLURM_JOB_CPUS_PER_NODE: 20
Date: Tue Aug 25 09:51:54 CEST 2026
Walltime: 02-00:00:00
========================================================================
/staging/leuven/stg_00024/MSC_TMP/Snowshop/MuSAruns_Elisabeth/v5/y035x200/RESULTS_PBS_20160901_20170831/ /staging/leuven/stg_00024/MSC_TMP/Snowshop/MuSAruns_Elisabeth/v5/y035x200/FORCINGS
Running MuSA: Distributed (multiprocessing)
Launching 20 processes in 72 processors
Low Neff (1) found at cell: Lat:128, Lon:37
Low Neff (1) found at cell: Lat:37, Lon:40
Low Neff (2) found at cell: Lat:62, Lon:99
Low Neff (1) found at cell: Lat:185, Lon:99
Low Neff (6) found at cell: Lat:191, Lon:33
Low Neff (1) found at cell: Lat:128, Lon:102
Low Neff (1) found at cell: Lat:131, Lon:106
Low Neff (1) found at cell: Lat:70, Lon:17
Low Neff (4) found at cell: Lat:104, Lon:17
Low Neff (2) found at cell: Lat:59, Lon:126
Low Neff (1) found at cell: Lat:72, Lon:134
Low Neff (2) found at cell: Lat:37, Lon:12
Low Neff (1) found at cell: Lat:97, Lon:121
Low Neff (1) found at cell: Lat:82, Lon:124
Low Neff (1) found at cell: Lat:167, Lon:30
No observations in: 169,30
Low Neff (3) found at cell: Lat:151, Lon:73
Low Neff (3) found at cell: Lat:152, Lon:74
Low Neff (1) found at cell: Lat:8, Lon:43
Low Neff (1) found at cell: Lat:104, Lon:43
Low Neff (1) found at cell: Lat:185, Lon:114
Low Neff (1) found at cell: Lat:98, Lon:120
